100 0 obj
<< /Type /StructElem /S /Document /NS 99 0 R /P 0 0 R /T (Example document) /Alt (An example document) /K [ 101 0 R ] /Pg 3 0 R >>
endobj
200 0 obj
<< /Type /StructElem /S /TD /P 102 0 R /K [ 0 ] /Pg 3 0 R >>
endobj
201 0 obj
<< /Type /StructElem /S /TD /P 102 0 R /K [ 1 ] /Pg 3 0 R >>
endobj
202 0 obj
<< /Type /StructElem /S /TD /P 102 0 R /K [ 2 ] /Pg 3 0 R >>
endobj
